  stb_image.cpp
  EditorCamera.cpp
  EditorCameraController.cpp
  EditorLayer.cpp
  ProjectWindow.cpp
  main.cpp
  imgui.cpp
  imgui_demo.cpp
  imgui_draw.cpp
  imgui_impl_glfw.cpp
  imgui_impl_opengl3.cpp
  imgui_tables.cpp
  imgui_widgets.cpp
  OpenGLBuffer.cpp
  OpenGLCubemap.cpp
  OpenGLFrameBuffer.cpp
  OpenGLRendererAPI.cpp
\tools\editor\dep\stb_image.cpp(1,1): error C1083: Cannot open source file: '..\tools\editor\dep\stb_image.cpp': No such file or directory
  (compiling source file '/tools/editor/dep/stb_image.cpp')
  
  OpenGLShader.cpp
  OpenGLTexture.cpp
  OpenGLVertexArray.cpp
  AssetImporter.cpp
  AssetManagerEditor.cpp
  Application.cpp
  Layer.cpp
C:\Program Files (x86)\Windows Kits\10\Include\10.0.26100.0\shared\minwindef.h(130,9): warning C4005: 'APIENTRY': macro redefinition
  (compiling source file 'platform/OpenGL/OpenGLBuffer.cpp')
      C:\vcpkg\installed\x64-windows\include\glad\glad.h(32,9):
      see previous definition of 'APIENTRY'
  
C:\Program Files (x86)\Windows Kits\10\Include\10.0.26100.0\shared\minwindef.h(130,9): warning C4005: 'APIENTRY': macro redefinition
  (compiling source file 'platform/OpenGL/OpenGLFrameBuffer.cpp')
      C:\vcpkg\installed\x64-windows\include\glad\glad.h(32,9):
      see previous definition of 'APIENTRY'
  
C:\Program Files (x86)\Windows Kits\10\Include\10.0.26100.0\shared\minwindef.h(130,9): warning C4005: 'APIENTRY': macro redefinition
  (compiling source file 'platform/OpenGL/OpenGLRendererAPI.cpp')
      C:\vcpkg\installed\x64-windows\include\glad\glad.h(32,9):
      see previous definition of 'APIENTRY'
  
C:\Program Files (x86)\Windows Kits\10\Include\10.0.26100.0\shared\minwindef.h(130,9): warning C4005: 'APIENTRY': macro redefinition
  (compiling source file 'platform/OpenGL/OpenGLVertexArray.cpp')
      C:\vcpkg\installed\x64-windows\include\glad\glad.h(32,9):
      see previous definition of 'APIENTRY'
  
C:\Program Files (x86)\Windows Kits\10\Include\10.0.26100.0\shared\minwindef.h(130,9): warning C4005: 'APIENTRY': macro redefinition
  (compiling source file 'platform/OpenGL/OpenGLTexture.cpp')
      C:\vcpkg\installed\x64-windows\include\glad\glad.h(32,9):
      see previous definition of 'APIENTRY'
  
C:\Program Files (x86)\Windows Kits\10\Include\10.0.26100.0\shared\minwindef.h(130,9): warning C4005: 'APIENTRY': macro redefinition
  (compiling source file 'platform/OpenGL/OpenGLShader.cpp')
      C:\vcpkg\installed\x64-windows\include\glad\glad.h(32,9):
      see previous definition of 'APIENTRY'
  
C:\Dev\Forge\engine\platform\OpenGL\OpenGLFrameBuffer.cpp(110,43): warning C4267: 'argument': conversion from 'size_t' to 'GLsizei', possible loss of data
C:\Dev\Forge\engine\platform\OpenGL\OpenGLFrameBuffer.cpp(119,44): warning C4267: 'argument': conversion from 'size_t' to 'GLsizei', possible loss of data
C:\Dev\Forge\engine\platform\OpenGL\OpenGLFrameBuffer.cpp(135,89): warning C4267: 'argument': conversion from 'size_t' to 'uint32_t', possible loss of data
C:\Dev\Forge\engine\platform\OpenGL\OpenGLFrameBuffer.cpp(143,146): warning C4267: 'argument': conversion from 'size_t' to 'int', possible loss of data
C:\Dev\Forge\engine\platform\OpenGL\OpenGLFrameBuffer.cpp(146,152): warning C4267: 'argument': conversion from 'size_t' to 'int', possible loss of data
C:\Dev\Forge\engine\platform\OpenGL\OpenGLFrameBuffer.cpp(168,41): warning C4267: 'argument': conversion from 'size_t' to 'GLsizei', possible loss of data
C:\vcpkg\installed\x64-windows\include\yaml-cpp\parser.h(85,28): warning C4251: 'YAML::Parser::m_pScanner': 'std::unique_ptr<YAML::Scanner,std::default_delete<YAML::Scanner>>' needs to have dll-interface to be used by clients of 'YAML::Parser'
  (compiling source file 'src/Asset%20Manager/AssetManagerEditor.cpp')
      C:\Program Files\Microsoft Visual Studio\2022\Community\VC\Tools\MSVC\14.44.35207\include\memory(3347,7):
      see declaration of 'std::unique_ptr<YAML::Scanner,std::default_delete<YAML::Scanner>>'
  
C:\vcpkg\installed\x64-windows\include\yaml-cpp\parser.h(86,31): warning C4251: 'YAML::Parser::m_pDirectives': 'std::unique_ptr<YAML::Directives,std::default_delete<YAML::Directives>>' needs to have dll-interface to be used by clients of 'YAML::Parser'
  (compiling source file 'src/Asset%20Manager/AssetManagerEditor.cpp')
      C:\Program Files\Microsoft Visual Studio\2022\Community\VC\Tools\MSVC\14.44.35207\include\memory(3347,7):
      see declaration of 'std::unique_ptr<YAML::Directives,std::default_delete<YAML::Directives>>'
  
C:\vcpkg\installed\x64-windows\include\yaml-cpp\binary.h(65,30): warning C4251: 'YAML::Binary::m_data': 'std::vector<unsigned char,std::allocator<unsigned char>>' needs to have dll-interface to be used by clients of 'YAML::Binary'
  (compiling source file 'src/Asset%20Manager/AssetManagerEditor.cpp')
      C:\Program Files\Microsoft Visual Studio\2022\Community\VC\Tools\MSVC\14.44.35207\include\vector(442,7):
      see declaration of 'std::vector<unsigned char,std::allocator<unsigned char>>'
  
C:\vcpkg\installed\x64-windows\include\yaml-cpp\ostream_wrapper.h(49,29): warning C4251: 'YAML::ostream_wrapper::m_buffer': 'std::vector<char,std::allocator<char>>' needs to have dll-interface to be used by clients of 'YAML::ostream_wrapper'
  (compiling source file 'src/Asset%20Manager/AssetManagerEditor.cpp')
      C:\Program Files\Microsoft Visual Studio\2022\Community\VC\Tools\MSVC\14.44.35207\include\vector(442,7):
      see declaration of 'std::vector<char,std::allocator<char>>'
  
C:\vcpkg\installed\x64-windows\include\yaml-cpp\emitter.h(139,33): warning C4251: 'YAML::Emitter::m_pState': 'std::unique_ptr<YAML::EmitterState,std::default_delete<YAML::EmitterState>>' needs to have dll-interface to be used by clients of 'YAML::Emitter'
  (compiling source file 'src/Asset%20Manager/AssetManagerEditor.cpp')
      C:\Program Files\Microsoft Visual Studio\2022\Community\VC\Tools\MSVC\14.44.35207\include\memory(3347,7):
      see declaration of 'std::unique_ptr<YAML::EmitterState,std::default_delete<YAML::EmitterState>>'
  
C:\Dev\Forge\tools\editor\src\EditorCameraController.cpp(32,29): warning C4244: '=': conversion from 'double' to 'float', possible loss of data
C:\vcpkg\installed\x64-windows\include\yaml-cpp\exceptions.h(164,15): warning C4251: 'YAML::Exception::msg': 'std::basic_string<char,std::char_traits<char>,std::allocator<char>>' needs to have dll-interface to be used by clients of 'YAML::Exception'
  (compiling source file 'src/Asset%20Manager/AssetManagerEditor.cpp')
      C:\Program Files\Microsoft Visual Studio\2022\Community\VC\Tools\MSVC\14.44.35207\include\xstring(541,7):
      see declaration of 'std::basic_string<char,std::char_traits<char>,std::allocator<char>>'
  
C:\vcpkg\installed\x64-windows\include\yaml-cpp\exceptions.h(155,44): warning C4275: non dll-interface class 'std::runtime_error' used as base for dll-interface class 'YAML::Exception'
  (compiling source file 'src/Asset%20Manager/AssetManagerEditor.cpp')
      C:\Program Files\Microsoft Visual Studio\2022\Community\VC\Tools\MSVC\14.44.35207\include\stdexcept(100,30):
      see declaration of 'std::runtime_error'
      C:\vcpkg\installed\x64-windows\include\yaml-cpp\exceptions.h(155,20):
      see declaration of 'YAML::Exception'
  
C:\vcpkg\installed\x64-windows\include\yaml-cpp\node\node.h(135,15): warning C4251: 'YAML::Node::m_invalidKey': 'std::basic_string<char,std::char_traits<char>,std::allocator<char>>' needs to have dll-interface to be used by clients of 'YAML::Node'
  (compiling source file 'src/Asset%20Manager/AssetManagerEditor.cpp')
      C:\Program Files\Microsoft Visual Studio\2022\Community\VC\Tools\MSVC\14.44.35207\include\xstring(541,7):
      see declaration of 'std::basic_string<char,std::char_traits<char>,std::allocator<char>>'
  
C:\vcpkg\installed\x64-windows\include\yaml-cpp\node\node.h(136,40): warning C4251: 'YAML::Node::m_pMemory': 'std::shared_ptr<YAML::detail::memory_holder>' needs to have dll-interface to be used by clients of 'YAML::Node'
  (compiling source file 'src/Asset%20Manager/AssetManagerEditor.cpp')
      C:\Program Files\Microsoft Visual Studio\2022\Community\VC\Tools\MSVC\14.44.35207\include\memory(1565,7):
      see declaration of 'std::shared_ptr<YAML::detail::memory_holder>'
  
C:\vcpkg\installed\x64-windows\include\yaml-cpp\node\detail\memory.h(32,9): warning C4251: 'YAML::detail::memory::m_nodes': 'std::set<YAML::detail::shared_node,std::less<YAML::detail::shared_node>,std::allocator<YAML::detail::shared_node>>' needs to have dll-interface to be used by clients of 'YAML::detail::memory'
  (compiling source file 'src/Asset%20Manager/AssetManagerEditor.cpp')
      C:\Program Files\Microsoft Visual Studio\2022\Community\VC\Tools\MSVC\14.44.35207\include\set(51,7):
      see declaration of 'std::set<YAML::detail::shared_node,std::less<YAML::detail::shared_node>,std::allocator<YAML::detail::shared_node>>'
  
C:\vcpkg\installed\x64-windows\include\yaml-cpp\node\detail\memory.h(43,17): warning C4251: 'YAML::detail::memory_holder::m_pMemory': 'std::shared_ptr<YAML::detail::memory>' needs to have dll-interface to be used by clients of 'YAML::detail::memory_holder'
  (compiling source file 'src/Asset%20Manager/AssetManagerEditor.cpp')
      C:\Program Files\Microsoft Visual Studio\2022\Community\VC\Tools\MSVC\14.44.35207\include\memory(1565,7):
      see declaration of 'std::shared_ptr<YAML::detail::memory>'
  
C:\vcpkg\installed\x64-windows\include\yaml-cpp\node\detail\node_data.h(104,15): warning C4251: 'YAML::detail::node_data::m_tag': 'std::basic_string<char,std::char_traits<char>,std::allocator<char>>' needs to have dll-interface to be used by clients of 'YAML::detail::node_data'
  (compiling source file 'src/Asset%20Manager/AssetManagerEditor.cpp')
      C:\Program Files\Microsoft Visual Studio\2022\Community\VC\Tools\MSVC\14.44.35207\include\xstring(541,7):
      see declaration of 'std::basic_string<char,std::char_traits<char>,std::allocator<char>>'
  
C:\vcpkg\installed\x64-windows\include\yaml-cpp\node\detail\node_data.h(108,15): warning C4251: 'YAML::detail::node_data::m_scalar': 'std::basic_string<char,std::char_traits<char>,std::allocator<char>>' needs to have dll-interface to be used by clients of 'YAML::detail::node_data'
  (compiling source file 'src/Asset%20Manager/AssetManagerEditor.cpp')
      C:\Program Files\Microsoft Visual Studio\2022\Community\VC\Tools\MSVC\14.44.35207\include\xstring(541,7):
      see declaration of 'std::basic_string<char,std::char_traits<char>,std::allocator<char>>'
  
C:\vcpkg\installed\x64-windows\include\yaml-cpp\node\detail\node_data.h(112,12): warning C4251: 'YAML::detail::node_data::m_sequence': 'std::vector<YAML::detail::node *,std::allocator<YAML::detail::node *>>' needs to have dll-interface to be used by clients of 'YAML::detail::node_data'
  (compiling source file 'src/Asset%20Manager/AssetManagerEditor.cpp')
      C:\Program Files\Microsoft Visual Studio\2022\Community\VC\Tools\MSVC\14.44.35207\include\vector(442,7):
      see declaration of 'std::vector<YAML::detail::node *,std::allocator<YAML::detail::node *>>'
  
C:\vcpkg\installed\x64-windows\include\yaml-cpp\node\detail\node_data.h(118,12): warning C4251: 'YAML::detail::node_data::m_map': 'std::vector<std::pair<YAML::detail::node *,YAML::detail::node *>,std::allocator<std::pair<YAML::detail::node *,YAML::detail::node *>>>' needs to have dll-interface to be used by clients of 'YAML::detail::node_data'
  (compiling source file 'src/Asset%20Manager/AssetManagerEditor.cpp')
      C:\Program Files\Microsoft Visual Studio\2022\Community\VC\Tools\MSVC\14.44.35207\include\vector(442,7):
      see declaration of 'std::vector<std::pair<YAML::detail::node *,YAML::detail::node *>,std::allocator<std::pair<YAML::detail::node *,YAML::detail::node *>>>'
  
C:\vcpkg\installed\x64-windows\include\yaml-cpp\node\detail\node_data.h(122,20): warning C4251: 'YAML::detail::node_data::m_undefinedPairs': 'std::list<YAML::detail::node_data::kv_pair,std::allocator<std::pair<YAML::detail::node *,YAML::detail::node *>>>' needs to have dll-interface to be used by clients of 'YAML::detail::node_data'
  (compiling source file 'src/Asset%20Manager/AssetManagerEditor.cpp')
      C:\Program Files\Microsoft Visual Studio\2022\Community\VC\Tools\MSVC\14.44.35207\include\list(769,7):
      see declaration of 'std::list<YAML::detail::node_data::kv_pair,std::allocator<std::pair<YAML::detail::node *,YAML::detail::node *>>>'
  
  LayerStack.cpp
  TaskManager.cpp
  UUID.cpp
  Window.cpp
  Log.cpp
C:\Dev\Forge\engine\platform\OpenGL\OpenGLTexture.cpp(79,1): warning C4715: 'fg::TextureWrapToOGL': not all control paths return a value
C:\Dev\Forge\engine\platform\OpenGL\OpenGLTexture.cpp(89,1): warning C4715: 'fg::TextureFilterToOGL': not all control paths return a value
  Event.cpp
  Input.cpp
  Overlay.cpp
  Project.cpp
C:\Dev\Forge\tools\editor\include\EditorCamera.hpp(40,1): warning C4172: returning address of local variable or temporary 
  Buffer.cpp
  Cubemap.cpp
  FrameBuffer.cpp
C:\Dev\Forge\engine\include\Project\Project.hpp(25,1): warning C4172: returning address of local variable or temporary 
  Material.cpp
  Renderer.cpp
  RendererAPI.cpp
C:\Dev\Forge\engine\include\Project\Project.hpp(25,1): warning C4172: returning address of local variable or temporary 
C:\Dev\Forge\engine\include\Project\Project.hpp(25,1): warning C4172: returning address of local variable or temporary 
  Shader.cpp
  ShaderLibrary.cpp
  Texture.cpp
C:\Program Files (x86)\Windows Kits\10\Include\10.0.26100.0\shared\minwindef.h(130,9): warning C4005: 'APIENTRY': macro redefinition
  (compiling source file 'src/Core/Window.cpp')
      C:\vcpkg\installed\x64-windows\include\glad\glad.h(32,9):
      see previous definition of 'APIENTRY'
  
C:\Program Files (x86)\Windows Kits\10\Include\10.0.26100.0\shared\minwindef.h(130,9): warning C4005: 'APIENTRY': macro redefinition
  (compiling source file 'src/Overlay/Overlay.cpp')
      C:\vcpkg\installed\x64-windows\include\GLFW\glfw3.h(123,11):
      see previous definition of 'APIENTRY'
  
C:\Program Files (x86)\Windows Kits\10\Include\10.0.26100.0\shared\minwindef.h(130,9): warning C4005: 'APIENTRY': macro redefinition
  (compiling source file 'src/Event/Input.cpp')
      C:\vcpkg\installed\x64-windows\include\GLFW\glfw3.h(123,11):
      see previous definition of 'APIENTRY'
  
  VertexArray.cpp
C:\vcpkg\installed\x64-windows\include\yaml-cpp\parser.h(85,28): warning C4251: 'YAML::Parser::m_pScanner': 'std::unique_ptr<YAML::Scanner,std::default_delete<YAML::Scanner>>' needs to have dll-interface to be used by clients of 'YAML::Parser'
  (compiling source file 'src/Project/Project.cpp')
      C:\Program Files\Microsoft Visual Studio\2022\Community\VC\Tools\MSVC\14.44.35207\include\memory(3347,7):
      see declaration of 'std::unique_ptr<YAML::Scanner,std::default_delete<YAML::Scanner>>'
  
C:\vcpkg\installed\x64-windows\include\yaml-cpp\parser.h(86,31): warning C4251: 'YAML::Parser::m_pDirectives': 'std::unique_ptr<YAML::Directives,std::default_delete<YAML::Directives>>' needs to have dll-interface to be used by clients of 'YAML::Parser'
  (compiling source file 'src/Project/Project.cpp')
      C:\Program Files\Microsoft Visual Studio\2022\Community\VC\Tools\MSVC\14.44.35207\include\memory(3347,7):
      see declaration of 'std::unique_ptr<YAML::Directives,std::default_delete<YAML::Directives>>'
  
C:\vcpkg\installed\x64-windows\include\yaml-cpp\binary.h(65,30): warning C4251: 'YAML::Binary::m_data': 'std::vector<unsigned char,std::allocator<unsigned char>>' needs to have dll-interface to be used by clients of 'YAML::Binary'
  (compiling source file 'src/Project/Project.cpp')
      C:\Program Files\Microsoft Visual Studio\2022\Community\VC\Tools\MSVC\14.44.35207\include\vector(442,7):
      see declaration of 'std::vector<unsigned char,std::allocator<unsigned char>>'
  
C:\vcpkg\installed\x64-windows\include\yaml-cpp\ostream_wrapper.h(49,29): warning C4251: 'YAML::ostream_wrapper::m_buffer': 'std::vector<char,std::allocator<char>>' needs to have dll-interface to be used by clients of 'YAML::ostream_wrapper'
  (compiling source file 'src/Project/Project.cpp')
      C:\Program Files\Microsoft Visual Studio\2022\Community\VC\Tools\MSVC\14.44.35207\include\vector(442,7):
      see declaration of 'std::vector<char,std::allocator<char>>'
  
C:\vcpkg\installed\x64-windows\include\yaml-cpp\emitter.h(139,33): warning C4251: 'YAML::Emitter::m_pState': 'std::unique_ptr<YAML::EmitterState,std::default_delete<YAML::EmitterState>>' needs to have dll-interface to be used by clients of 'YAML::Emitter'
  (compiling source file 'src/Project/Project.cpp')
      C:\Program Files\Microsoft Visual Studio\2022\Community\VC\Tools\MSVC\14.44.35207\include\memory(3347,7):
      see declaration of 'std::unique_ptr<YAML::EmitterState,std::default_delete<YAML::EmitterState>>'
  
C:\vcpkg\installed\x64-windows\include\yaml-cpp\exceptions.h(164,15): warning C4251: 'YAML::Exception::msg': 'std::basic_string<char,std::char_traits<char>,std::allocator<char>>' needs to have dll-interface to be used by clients of 'YAML::Exception'
  (compiling source file 'src/Project/Project.cpp')
      C:\Program Files\Microsoft Visual Studio\2022\Community\VC\Tools\MSVC\14.44.35207\include\xstring(541,7):
      see declaration of 'std::basic_string<char,std::char_traits<char>,std::allocator<char>>'
  
C:\vcpkg\installed\x64-windows\include\yaml-cpp\exceptions.h(155,44): warning C4275: non dll-interface class 'std::runtime_error' used as base for dll-interface class 'YAML::Exception'
  (compiling source file 'src/Project/Project.cpp')
      C:\Program Files\Microsoft Visual Studio\2022\Community\VC\Tools\MSVC\14.44.35207\include\stdexcept(100,30):
      see declaration of 'std::runtime_error'
      C:\vcpkg\installed\x64-windows\include\yaml-cpp\exceptions.h(155,20):
      see declaration of 'YAML::Exception'
  
C:\vcpkg\installed\x64-windows\include\yaml-cpp\node\node.h(135,15): warning C4251: 'YAML::Node::m_invalidKey': 'std::basic_string<char,std::char_traits<char>,std::allocator<char>>' needs to have dll-interface to be used by clients of 'YAML::Node'
  (compiling source file 'src/Project/Project.cpp')
      C:\Program Files\Microsoft Visual Studio\2022\Community\VC\Tools\MSVC\14.44.35207\include\xstring(541,7):
      see declaration of 'std::basic_string<char,std::char_traits<char>,std::allocator<char>>'
  
C:\vcpkg\installed\x64-windows\include\yaml-cpp\node\node.h(136,40): warning C4251: 'YAML::Node::m_pMemory': 'std::shared_ptr<YAML::detail::memory_holder>' needs to have dll-interface to be used by clients of 'YAML::Node'
  (compiling source file 'src/Project/Project.cpp')
      C:\Program Files\Microsoft Visual Studio\2022\Community\VC\Tools\MSVC\14.44.35207\include\memory(1565,7):
      see declaration of 'std::shared_ptr<YAML::detail::memory_holder>'
  
C:\vcpkg\installed\x64-windows\include\yaml-cpp\node\detail\memory.h(32,9): warning C4251: 'YAML::detail::memory::m_nodes': 'std::set<YAML::detail::shared_node,std::less<YAML::detail::shared_node>,std::allocator<YAML::detail::shared_node>>' needs to have dll-interface to be used by clients of 'YAML::detail::memory'
  (compiling source file 'src/Project/Project.cpp')
      C:\Program Files\Microsoft Visual Studio\2022\Community\VC\Tools\MSVC\14.44.35207\include\set(51,7):
      see declaration of 'std::set<YAML::detail::shared_node,std::less<YAML::detail::shared_node>,std::allocator<YAML::detail::shared_node>>'
  
C:\vcpkg\installed\x64-windows\include\yaml-cpp\node\detail\memory.h(43,17): warning C4251: 'YAML::detail::memory_holder::m_pMemory': 'std::shared_ptr<YAML::detail::memory>' needs to have dll-interface to be used by clients of 'YAML::detail::memory_holder'
  (compiling source file 'src/Project/Project.cpp')
      C:\Program Files\Microsoft Visual Studio\2022\Community\VC\Tools\MSVC\14.44.35207\include\memory(1565,7):
      see declaration of 'std::shared_ptr<YAML::detail::memory>'
  
C:\vcpkg\installed\x64-windows\include\yaml-cpp\node\detail\node_data.h(104,15): warning C4251: 'YAML::detail::node_data::m_tag': 'std::basic_string<char,std::char_traits<char>,std::allocator<char>>' needs to have dll-interface to be used by clients of 'YAML::detail::node_data'
  (compiling source file 'src/Project/Project.cpp')
      C:\Program Files\Microsoft Visual Studio\2022\Community\VC\Tools\MSVC\14.44.35207\include\xstring(541,7):
      see declaration of 'std::basic_string<char,std::char_traits<char>,std::allocator<char>>'
  
C:\vcpkg\installed\x64-windows\include\yaml-cpp\node\detail\node_data.h(108,15): warning C4251: 'YAML::detail::node_data::m_scalar': 'std::basic_string<char,std::char_traits<char>,std::allocator<char>>' needs to have dll-interface to be used by clients of 'YAML::detail::node_data'
  (compiling source file 'src/Project/Project.cpp')
      C:\Program Files\Microsoft Visual Studio\2022\Community\VC\Tools\MSVC\14.44.35207\include\xstring(541,7):
      see declaration of 'std::basic_string<char,std::char_traits<char>,std::allocator<char>>'
  
C:\vcpkg\installed\x64-windows\include\yaml-cpp\node\detail\node_data.h(112,12): warning C4251: 'YAML::detail::node_data::m_sequence': 'std::vector<YAML::detail::node *,std::allocator<YAML::detail::node *>>' needs to have dll-interface to be used by clients of 'YAML::detail::node_data'
  (compiling source file 'src/Project/Project.cpp')
      C:\Program Files\Microsoft Visual Studio\2022\Community\VC\Tools\MSVC\14.44.35207\include\vector(442,7):
      see declaration of 'std::vector<YAML::detail::node *,std::allocator<YAML::detail::node *>>'
  
C:\vcpkg\installed\x64-windows\include\yaml-cpp\node\detail\node_data.h(118,12): warning C4251: 'YAML::detail::node_data::m_map': 'std::vector<std::pair<YAML::detail::node *,YAML::detail::node *>,std::allocator<std::pair<YAML::detail::node *,YAML::detail::node *>>>' needs to have dll-interface to be used by clients of 'YAML::detail::node_data'
  (compiling source file 'src/Project/Project.cpp')
      C:\Program Files\Microsoft Visual Studio\2022\Community\VC\Tools\MSVC\14.44.35207\include\vector(442,7):
      see declaration of 'std::vector<std::pair<YAML::detail::node *,YAML::detail::node *>,std::allocator<std::pair<YAML::detail::node *,YAML::detail::node *>>>'
  
C:\vcpkg\installed\x64-windows\include\yaml-cpp\node\detail\node_data.h(122,20): warning C4251: 'YAML::detail::node_data::m_undefinedPairs': 'std::list<YAML::detail::node_data::kv_pair,std::allocator<std::pair<YAML::detail::node *,YAML::detail::node *>>>' needs to have dll-interface to be used by clients of 'YAML::detail::node_data'
  (compiling source file 'src/Project/Project.cpp')
      C:\Program Files\Microsoft Visual Studio\2022\Community\VC\Tools\MSVC\14.44.35207\include\list(769,7):
      see declaration of 'std::list<YAML::detail::node_data::kv_pair,std::allocator<std::pair<YAML::detail::node *,YAML::detail::node *>>>'
  
  Mesh.cpp
  Scene.cpp
  fgpch.cpp
C:\Program Files\Microsoft Visual Studio\2022\Community\VC\Tools\MSVC\14.44.35207\include\xutility(462,85): warning C4267: 'initializing': conversion from 'size_t' to 'uint32_t', possible loss of data
  (compiling source file 'src/Renderer/Buffer.cpp')
      C:\Program Files\Microsoft Visual Studio\2022\Community\VC\Tools\MSVC\14.44.35207\include\xutility(462,85):
      the template instantiation context (the oldest one first) is
          C:\Dev\Forge\engine\src\Renderer\Buffer.cpp(27,14):
          see reference to function template instantiation 'fg::BufferElement &std::vector<fg::BufferElement,std::allocator<fg::BufferElement>>::emplace_back<uint32_t&,uint32_t&,uint8_t&,uint32_t&,size_t&>(uint32_t &,uint32_t &,uint8_t &,uint32_t &,size_t &)' being compiled
              C:\Dev\Forge\engine\src\Renderer\Buffer.cpp(27,26):
              see the first reference to 'std::vector<fg::BufferElement,std::allocator<fg::BufferElement>>::emplace_back' in 'fg::BufferLayout::Push'
          C:\Program Files\Microsoft Visual Studio\2022\Community\VC\Tools\MSVC\14.44.35207\include\vector(924,24):
          see reference to function template instantiation '_Ty &std::vector<_Ty,std::allocator<_Ty>>::_Emplace_one_at_back<uint32_t&,uint32_t&,uint8_t&,uint32_t&,size_t&>(uint32_t &,uint32_t &,uint8_t &,uint32_t &,size_t &)' being compiled
          with
          [
              _Ty=fg::BufferElement
          ]
          C:\Program Files\Microsoft Visual Studio\2022\Community\VC\Tools\MSVC\14.44.35207\include\vector(845,20):
          see reference to function template instantiation '_Ty &std::vector<_Ty,std::allocator<_Ty>>::_Emplace_back_with_unused_capacity<uint32_t&,uint32_t&,uint8_t&,uint32_t&,size_t&>(uint32_t &,uint32_t &,uint8_t &,uint32_t &,size_t &)' being compiled
          with
          [
              _Ty=fg::BufferElement
          ]
          C:\Program Files\Microsoft Visual Studio\2022\Community\VC\Tools\MSVC\14.44.35207\include\vector(860,18):
          see reference to function template instantiation 'void std::_Construct_in_place<fg::BufferElement,uint32_t&,uint32_t&,uint8_t&,uint32_t&,size_t&>(_Ty &,uint32_t &,uint32_t &,uint8_t &,uint32_t &,size_t &) noexcept' being compiled
          with
          [
              _Ty=fg::BufferElement
          ]
          C:\Program Files\Microsoft Visual Studio\2022\Community\VC\Tools\MSVC\14.44.35207\include\xutility(472,14):
          see reference to function template instantiation '_Ty *std::construct_at<_Ty,uint32_t&,uint32_t&,uint8_t&,uint32_t&,size_t&>(_Ty *const ,uint32_t &,uint32_t &,uint8_t &,uint32_t &,size_t &) noexcept(<expr>)' being compiled
          with
          [
              _Ty=fg::BufferElement
          ]
  
C:\Program Files\Microsoft Visual Studio\2022\Community\VC\Tools\MSVC\14.44.35207\include\xutility(476,82): warning C4267: 'initializing': conversion from 'size_t' to 'uint32_t', possible loss of data
  (compiling source file 'src/Renderer/Buffer.cpp')
  
C:\Program Files\Microsoft Visual Studio\2022\Community\VC\Tools\MSVC\14.44.35207\include\xutility(463,90): warning C4267: 'initializing': conversion from 'size_t' to 'uint32_t', possible loss of data
  (compiling source file 'src/Renderer/Buffer.cpp')
      C:\Program Files\Microsoft Visual Studio\2022\Community\VC\Tools\MSVC\14.44.35207\include\xutility(463,90):
      the template instantiation context (the oldest one first) is
          C:\Program Files\Microsoft Visual Studio\2022\Community\VC\Tools\MSVC\14.44.35207\include\vector(860,18):
          see reference to function template instantiation 'void std::_Construct_in_place<fg::BufferElement,uint32_t&,uint32_t&,uint8_t&,uint32_t&,size_t&>(_Ty &,uint32_t &,uint32_t &,uint8_t &,uint32_t &,size_t &) noexcept' being compiled
          with
          [
              _Ty=fg::BufferElement
          ]
          C:\Program Files\Microsoft Visual Studio\2022\Community\VC\Tools\MSVC\14.44.35207\include\xutility(472,14):
          see reference to function template instantiation '_Ty *std::construct_at<_Ty,uint32_t&,uint32_t&,uint8_t&,uint32_t&,size_t&>(_Ty *const ,uint32_t &,uint32_t &,uint8_t &,uint32_t &,size_t &) noexcept' being compiled
          with
          [
              _Ty=fg::BufferElement
          ]
  
C:\Dev\Forge\engine\src\Renderer\FrameBuffer.cpp(14,1): warning C4715: 'fg::Framebuffer::Create': not all control paths return a value
C:\Dev\Forge\engine\src\Renderer\Buffer.cpp(20,1): warning C4715: 'fg::BufferElement::GetSizeOfType': not all control paths return a value
C:\Dev\Forge\engine\src\Renderer\Buffer.cpp(42,1): warning C4715: 'fg::VertexBuffer::Create': not all control paths return a value
C:\Dev\Forge\engine\src\Renderer\Buffer.cpp(55,1): warning C4715: 'fg::IndexBuffer::Create': not all control paths return a value
C:\Dev\Forge\engine\src\Renderer\Cubemap.cpp(14,1): warning C4715: 'fg::EnvironmentMap::Create': not all control paths return a value
C:\Dev\Forge\engine\src\Renderer\RendererAPI.cpp(16,1): warning C4715: 'fg::RendererAPI::Create': not all control paths return a value
C:\Dev\Forge\engine\src\Renderer\Texture.cpp(16,1): warning C4715: 'fg::Texture2D::Create': not all control paths return a value
C:\Dev\Forge\engine\src\Renderer\Shader.cpp(16,1): warning C4715: 'fg::Shader::Create': not all control paths return a value
C:\Dev\Forge\engine\src\Renderer\Shader.cpp(27,1): warning C4715: 'fg::Shader::Create': not all control paths return a value
C:\Dev\Forge\engine\src\Renderer\VertexArray.cpp(14,1): warning C4715: 'fg::VertexArray::Create': not all control paths return a value
